Release 14.5 - xst P.58f (nt64)
Copyright (c) 1995-2012 Xilinx, Inc.  All rights reserved.
--> Parameter TMPDIR set to xst/projnav.tmp


Total REAL time to Xst completion: 1.00 secs
Total CPU time to Xst completion: 1.11 secs
 
--> Parameter xsthdpdir set to xst


Total REAL time to Xst completion: 1.00 secs
Total CPU time to Xst completion: 1.11 secs
 
--> Reading design: DataPath.prj

TABLE OF CONTENTS
  1) Synthesis Options Summary
  2) HDL Parsing
  3) HDL Elaboration
  4) HDL Synthesis
       4.1) HDL Synthesis Report
  5) Advanced HDL Synthesis
       5.1) Advanced HDL Synthesis Report
  6) Low Level Synthesis
  7) Partition Report
  8) Design Summary
       8.1) Primitive and Black Box Usage
       8.2) Device utilization summary
       8.3) Partition Resource Summary
       8.4) Timing Report
            8.4.1) Clock Information
            8.4.2) Asynchronous Control Signals Information
            8.4.3) Timing Summary
            8.4.4) Timing Details
            8.4.5) Cross Clock Domains Report


=========================================================================
*                      Synthesis Options Summary                        *
=========================================================================
---- Source Parameters
Input File Name                    : "DataPath.prj"
Ignore Synthesis Constraint File   : NO

---- Target Parameters
Output File Name                   : "DataPath"
Output Format                      : NGC
Target Device                      : xc7a100t-3-csg324

---- Source Options
Top Module Name                    : DataPath
Automatic FSM Extraction           : YES
FSM Encoding Algorithm             : Auto
Safe Implementation                : No
FSM Style                          : LUT
RAM Extraction                     : Yes
RAM Style                          : Auto
ROM Extraction                     : Yes
Shift Register Extraction          : YES
ROM Style                          : Auto
Resource Sharing                   : YES
Asynchronous To Synchronous        : NO
Shift Register Minimum Size        : 2
Use DSP Block                      : Auto
Automatic Register Balancing       : No

---- Target Options
LUT Combining                      : Auto
Reduce Control Sets                : Auto
Add IO Buffers                     : YES
Global Maximum Fanout              : 100000
Add Generic Clock Buffer(BUFG)     : 32
Register Duplication               : YES
Optimize Instantiated Primitives   : NO
Use Clock Enable                   : Auto
Use Synchronous Set                : Auto
Use Synchronous Reset              : Auto
Pack IO Registers into IOBs        : Auto
Equivalent register Removal        : YES

---- General Options
Optimization Goal                  : Speed
Optimization Effort                : 1
Power Reduction                    : NO
Keep Hierarchy                     : No
Netlist Hierarchy                  : As_Optimized
RTL Output                         : Yes
Global Optimization                : AllClockNets
Read Cores                         : YES
Write Timing Constraints           : NO
Cross Clock Analysis               : NO
Hierarchy Separator                : /
Bus Delimiter                      : <>
Case Specifier                     : Maintain
Slice Utilization Ratio            : 100
BRAM Utilization Ratio             : 100
DSP48 Utilization Ratio            : 100
Auto BRAM Packing                  : NO
Slice Utilization Ratio Delta      : 5

=========================================================================


=========================================================================
*                          HDL Parsing                                  *
=========================================================================
Parsing VHDL file "C:\Users\20102\Downloads\ProjectPhase1\ProjectPhase1\mux_package.vhd" into library work
Parsing package <mux_package>.
Parsing VHDL file "C:\Users\20102\Downloads\ProjectPhase1\ProjectPhase1\mux.vhd" into library work
Parsing entity <mux>.
Parsing architecture <Behavioral> of entity <mux>.
Parsing VHDL file "C:\Users\20102\Downloads\ProjectPhase1\ProjectPhase1\flopr_package.vhd" into library work
Parsing package <flopr_package>.
Parsing VHDL file "C:\Users\20102\Downloads\ProjectPhase1\ProjectPhase1\flopr.vhd" into library work
Parsing entity <flopr>.
Parsing architecture <Behavioral> of entity <flopr>.
Parsing VHDL file "C:\Users\20102\Downloads\ProjectPhase1\ProjectPhase1\decoder_package.vhd" into library work
Parsing package <decoder_package>.
Parsing VHDL file "C:\Users\20102\Downloads\ProjectPhase1\ProjectPhase1\decoder.vhd" into library work
Parsing entity <decoder>.
Parsing architecture <Behavioral> of entity <decoder>.
Parsing VHDL file "C:\Users\20102\Downloads\ProjectPhase1\ProjectPhase1\sl2.vhd" into library work
Parsing package <sl2>.
Parsing VHDL file "C:\Users\20102\Downloads\ProjectPhase1\ProjectPhase1\Signextender_Package.vhd" into library work
Parsing package <Signextender_Package>.
Parsing VHDL file "C:\Users\20102\Downloads\ProjectPhase1\ProjectPhase1\Signextender.vhd" into library work
Parsing entity <Signextender>.
Parsing architecture <Behavioral> of entity <signextender>.
Parsing VHDL file "C:\Users\20102\Downloads\ProjectPhase1\ProjectPhase1\shiftleft.vhd" into library work
Parsing entity <shiftleft>.
Parsing architecture <Behavioral> of entity <shiftleft>.
Parsing VHDL file "C:\Users\20102\Downloads\ProjectPhase1\ProjectPhase1\RegisterFile_Package.vhd" into library work
Parsing package <RegisterFile_Package>.
Parsing VHDL file "C:\Users\20102\Downloads\ProjectPhase1\ProjectPhase1\RegisterFile.vhd" into library work
Parsing entity <RegisterFile>.
Parsing architecture <Behavioral> of entity <registerfile>.
Parsing VHDL file "C:\Users\20102\Downloads\ProjectPhase1\ProjectPhase1\mux2x1.vhd" into library work
Parsing entity <mux2x1>.
Parsing architecture <Behavioral> of entity <mux2x1>.
Parsing VHDL file "C:\Users\20102\Downloads\ProjectPhase1\ProjectPhase1\mux2x.vhd" into library work
Parsing package <mux2x>.
Parsing VHDL file "C:\Users\20102\Downloads\ProjectPhase1\ProjectPhase1\Alu_Package.vhd" into library work
Parsing package <Alu_Package>.
Parsing VHDL file "C:\Users\20102\Downloads\ProjectPhase1\ProjectPhase1\Alu.vhd" into library work
Parsing entity <Alu>.
Parsing architecture <Behavioral> of entity <alu>.
Parsing VHDL file "C:\Users\20102\Downloads\ProjectPhase1\ProjectPhase1\adderpackage.vhd" into library work
Parsing package <adderpackage>.
Parsing VHDL file "C:\Users\20102\Downloads\ProjectPhase1\ProjectPhase1\adder.vhd" into library work
Parsing entity <adder>.
Parsing architecture <Behavioral> of entity <adder>.
Parsing VHDL file "C:\Users\20102\Downloads\ProjectPhase1\ProjectPhase1\DataPath.vhd" into library work
Parsing entity <DataPath>.
Parsing architecture <Behavioral> of entity <datapath>.

=========================================================================
*                            HDL Elaboration                            *
=========================================================================

Elaborating entity <DataPath> (architecture <Behavioral>) from library <work>.

Elaborating entity <RegisterFile> (architecture <Behavioral>) from library <work>.

Elaborating entity <decoder> (architecture <Behavioral>) from library <work>.

Elaborating entity <flopr> (architecture <Behavioral>) from library <work>.

Elaborating entity <mux> (architecture <Behavioral>) from library <work>.

Elaborating entity <Alu> (architecture <Behavioral>) from library <work>.

Elaborating entity <adder> (architecture <Behavioral>) from library <work>.

Elaborating entity <Signextender> (architecture <Behavioral>) from library <work>.

Elaborating entity <shiftleft> (architecture <Behavioral>) from library <work>.

Elaborating entity <mux2x1> (architecture <Behavioral>) with generics from library <work>.

Elaborating entity <mux2x1> (architecture <Behavioral>) with generics from library <work>.

=========================================================================
*                           HDL Synthesis                               *
=========================================================================

Synthesizing Unit <DataPath>.
    Related source file is "C:\Users\20102\Downloads\ProjectPhase1\ProjectPhase1\DataPath.vhd".
WARNING:Xst:647 - Input <instr<31:26>> is never used. This port will be preserved and left unconnected if it belongs to a top-level block or it belongs to a sub-block and the hierarchy of this sub-block is preserved.
    Summary:
	no macro.
Unit <DataPath> synthesized.

Synthesizing Unit <RegisterFile>.
    Related source file is "C:\Users\20102\Downloads\ProjectPhase1\ProjectPhase1\RegisterFile.vhd".
    Summary:
	inferred   1 Multiplexer(s).
Unit <RegisterFile> synthesized.

Synthesizing Unit <decoder>.
    Related source file is "C:\Users\20102\Downloads\ProjectPhase1\ProjectPhase1\decoder.vhd".
    Summary:
	no macro.
Unit <decoder> synthesized.

Synthesizing Unit <flopr>.
    Related source file is "C:\Users\20102\Downloads\ProjectPhase1\ProjectPhase1\flopr.vhd".
    Found 32-bit register for signal <q>.
    Summary:
	inferred  32 D-type flip-flop(s).
Unit <flopr> synthesized.

Synthesizing Unit <mux>.
    Related source file is "C:\Users\20102\Downloads\ProjectPhase1\ProjectPhase1\mux.vhd".
    Found 32-bit 32-to-1 multiplexer for signal <output> created at line 66.
    Summary:
	inferred   1 Multiplexer(s).
Unit <mux> synthesized.

Synthesizing Unit <Alu>.
    Related source file is "C:\Users\20102\Downloads\ProjectPhase1\ProjectPhase1\Alu.vhd".
    Found 32-bit adder for signal <n0043> created at line 46.
    Found 32-bit adder for signal <S> created at line 46.
    Summary:
	inferred   2 Adder/Subtractor(s).
	inferred  11 Multiplexer(s).
Unit <Alu> synthesized.

Synthesizing Unit <adder>.
    Related source file is "C:\Users\20102\Downloads\ProjectPhase1\ProjectPhase1\adder.vhd".
    Found 32-bit adder for signal <S> created at line 43.
    Summary:
	inferred   1 Adder/Subtractor(s).
Unit <adder> synthesized.

Synthesizing Unit <Signextender>.
    Related source file is "C:\Users\20102\Downloads\ProjectPhase1\ProjectPhase1\Signextender.vhd".
    Summary:
	no macro.
Unit <Signextender> synthesized.

Synthesizing Unit <shiftleft>.
    Related source file is "C:\Users\20102\Downloads\ProjectPhase1\ProjectPhase1\shiftleft.vhd".
WARNING:Xst:647 - Input <input<31:30>> is never used. This port will be preserved and left unconnected if it belongs to a top-level block or it belongs to a sub-block and the hierarchy of this sub-block is preserved.
    Summary:
	no macro.
Unit <shiftleft> synthesized.

Synthesizing Unit <mux2x1_1>.
    Related source file is "C:\Users\20102\Downloads\ProjectPhase1\ProjectPhase1\mux2x1.vhd".
        noofbits = 32
    Summary:
	inferred   1 Multiplexer(s).
Unit <mux2x1_1> synthesized.

Synthesizing Unit <mux2x1_2>.
    Related source file is "C:\Users\20102\Downloads\ProjectPhase1\ProjectPhase1\mux2x1.vhd".
        noofbits = 5
    Summary:
	inferred   1 Multiplexer(s).
Unit <mux2x1_2> synthesized.

=========================================================================
HDL Synthesis Report

Macro Statistics
# Adders/Subtractors                                   : 4
 32-bit adder                                          : 4
# Registers                                            : 33
 32-bit register                                       : 33
# Multiplexers                                         : 21
 32-bit 2-to-1 multiplexer                             : 17
 32-bit 32-to-1 multiplexer                            : 2
 5-bit 2-to-1 multiplexer                              : 2

=========================================================================

=========================================================================
*                       Advanced HDL Synthesis                          *
=========================================================================


=========================================================================
Advanced HDL Synthesis Report

Macro Statistics
# Adders/Subtractors                                   : 3
 32-bit adder                                          : 2
 32-bit adder carry in                                 : 1
# Registers                                            : 1056
 Flip-Flops                                            : 1056
# Multiplexers                                         : 21
 32-bit 2-to-1 multiplexer                             : 17
 32-bit 32-to-1 multiplexer                            : 2
 5-bit 2-to-1 multiplexer                              : 2

=========================================================================

=========================================================================
*                         Low Level Synthesis                           *
=========================================================================

Optimizing unit <flopr> ...

Optimizing unit <DataPath> ...

Optimizing unit <Alu> ...

Optimizing unit <RegisterFile> ...
WARNING:Xst:1710 - FF/Latch <pcreg/q_1> (without init value) has a constant value of 0 in block <DataPath>. This FF/Latch will be trimmed during the optimization process.
WARNING:Xst:1895 - Due to other FF/Latch trimming, FF/Latch <pcreg/q_0> (without init value) has a constant value of 0 in block <DataPath>. This FF/Latch will be trimmed during the optimization process.

Mapping all equations...
Building and optimizing final netlist ...
Found area constraint ratio of 100 (+ 5) on block DataPath, actual ratio is 3.

Final Macro Processing ...

=========================================================================
Final Register Report

Macro Statistics
# Registers                                            : 1054
 Flip-Flops                                            : 1054

=========================================================================

=========================================================================
*                           Partition Report                            *
=========================================================================

Partition Implementation Status
-------------------------------

  No Partitions were found in this design.

-------------------------------

=========================================================================
*                            Design Summary                             *
=========================================================================

Top Level Output File Name         : DataPath.ngc

Primitive and Black Box Usage:
------------------------------
# BELS                             : 1281
#      GND                         : 1
#      INV                         : 1
#      LUT1                        : 29
#      LUT2                        : 31
#      LUT3                        : 34
#      LUT4                        : 71
#      LUT5                        : 62
#      LUT6                        : 806
#      MUXCY                       : 89
#      MUXF7                       : 64
#      VCC                         : 1
#      XORCY                       : 92
# FlipFlops/Latches                : 1054
#      FDC                         : 30
#      FDCE                        : 1024
# Clock Buffers                    : 1
#      BUFGP                       : 1
# IO Buffers                       : 167
#      IBUF                        : 70
#      OBUF                        : 97

Device utilization summary:
---------------------------

Selected Device : 7a100tcsg324-3 


Slice Logic Utilization: 
 Number of Slice Registers:            1054  out of  126800     0%  
 Number of Slice LUTs:                 1034  out of  63400     1%  
    Number used as Logic:              1034  out of  63400     1%  

Slice Logic Distribution: 
 Number of LUT Flip Flop pairs used:   1987
   Number with an unused Flip Flop:     933  out of   1987    46%  
   Number with an unused LUT:           953  out of   1987    47%  
   Number of fully used LUT-FF pairs:   101  out of   1987     5%  
   Number of unique control sets:        33

IO Utilization: 
 Number of IOs:                         174
 Number of bonded IOBs:                 168  out of    210    80%  

Specific Feature Utilization:
 Number of BUFG/BUFGCTRL/BUFHCEs:         1  out of    128     0%  

---------------------------
Partition Resource Summary:
---------------------------

  No Partitions were found in this design.

---------------------------


=========================================================================
Timing Report

NOTE: THESE TIMING NUMBERS ARE ONLY A SYNTHESIS ESTIMATE.
      FOR ACCURATE TIMING INFORMATION PLEASE REFER TO THE TRACE REPORT
      GENERATED AFTER PLACE-and-ROUTE.

Clock Information:
------------------
-----------------------------------+------------------------+-------+
Clock Signal                       | Clock buffer(FF name)  | Load  |
-----------------------------------+------------------------+-------+
clk                                | BUFGP                  | 1054  |
-----------------------------------+------------------------+-------+

Asynchronous Control Signals Information:
----------------------------------------
No asynchronous control signals found in this design

Timing Summary:
---------------
Speed Grade: -3

   Minimum period: 4.264ns (Maximum Frequency: 234.511MHz)
   Minimum input arrival time before clock: 4.178ns
   Maximum output required time after clock: 6.415ns
   Maximum combinational path delay: 6.329ns

Timing Details:
---------------
All values displayed in nanoseconds (ns)

=========================================================================
Timing constraint: Default period analysis for Clock 'clk'
  Clock period: 4.264ns (frequency: 234.511MHz)
  Total number of paths / destination ports: 1908960 / 1054
-------------------------------------------------------------------------
Delay:               4.264ns (Levels of Logic = 37)
  Source:            reg/f27/q_0 (FF)
  Destination:       reg/f32/q_31 (FF)
  Source Clock:      clk rising
  Destination Clock: clk rising

  Data Path: reg/f27/q_0 to reg/f32/q_31
                                Gate     Net
    Cell:in->out      fanout   Delay   Delay  Logical Name (Net Name)
    ----------------------------------------  ------------
     FDCE:C->Q             2   0.361   0.561  reg/f27/q_0 (reg/f27/q_0)
     LUT6:I2->O            1   0.097   0.556  reg/mux2/Mmux_output_81 (reg/mux2/Mmux_output_81)
     LUT6:I2->O            1   0.097   0.000  reg/mux2/Mmux_output_3 (reg/mux2/Mmux_output_3)
     MUXF7:I1->O           3   0.279   0.389  reg/mux2/Mmux_output_2_f7 (writedata_0_OBUF)
     LUT5:I3->O            1   0.097   0.000  alu1/Madd_S_Madd_lut<0> (alu1/Madd_S_Madd_lut<0>)
     MUXCY:S->O            1   0.353   0.000  alu1/Madd_S_Madd_cy<0> (alu1/Madd_S_Madd_cy<0>)
     MUXCY:CI->O           1   0.023   0.000  alu1/Madd_S_Madd_cy<1> (alu1/Madd_S_Madd_cy<1>)
     MUXCY:CI->O           1   0.023   0.000  alu1/Madd_S_Madd_cy<2> (alu1/Madd_S_Madd_cy<2>)
     MUXCY:CI->O           1   0.023   0.000  alu1/Madd_S_Madd_cy<3> (alu1/Madd_S_Madd_cy<3>)
     MUXCY:CI->O           1   0.023   0.000  alu1/Madd_S_Madd_cy<4> (alu1/Madd_S_Madd_cy<4>)
     MUXCY:CI->O           1   0.023   0.000  alu1/Madd_S_Madd_cy<5> (alu1/Madd_S_Madd_cy<5>)
     MUXCY:CI->O           1   0.023   0.000  alu1/Madd_S_Madd_cy<6> (alu1/Madd_S_Madd_cy<6>)
     MUXCY:CI->O           1   0.023   0.000  alu1/Madd_S_Madd_cy<7> (alu1/Madd_S_Madd_cy<7>)
     MUXCY:CI->O           1   0.023   0.000  alu1/Madd_S_Madd_cy<8> (alu1/Madd_S_Madd_cy<8>)
     MUXCY:CI->O           1   0.023   0.000  alu1/Madd_S_Madd_cy<9> (alu1/Madd_S_Madd_cy<9>)
     MUXCY:CI->O           1   0.023   0.000  alu1/Madd_S_Madd_cy<10> (alu1/Madd_S_Madd_cy<10>)
     MUXCY:CI->O           1   0.023   0.000  alu1/Madd_S_Madd_cy<11> (alu1/Madd_S_Madd_cy<11>)
     MUXCY:CI->O           1   0.023   0.000  alu1/Madd_S_Madd_cy<12> (alu1/Madd_S_Madd_cy<12>)
     MUXCY:CI->O           1   0.023   0.000  alu1/Madd_S_Madd_cy<13> (alu1/Madd_S_Madd_cy<13>)
     MUXCY:CI->O           1   0.023   0.000  alu1/Madd_S_Madd_cy<14> (alu1/Madd_S_Madd_cy<14>)
     MUXCY:CI->O           1   0.023   0.000  alu1/Madd_S_Madd_cy<15> (alu1/Madd_S_Madd_cy<15>)
     MUXCY:CI->O           1   0.023   0.000  alu1/Madd_S_Madd_cy<16> (alu1/Madd_S_Madd_cy<16>)
     MUXCY:CI->O           1   0.023   0.000  alu1/Madd_S_Madd_cy<17> (alu1/Madd_S_Madd_cy<17>)
     MUXCY:CI->O           1   0.023   0.000  alu1/Madd_S_Madd_cy<18> (alu1/Madd_S_Madd_cy<18>)
     MUXCY:CI->O           1   0.023   0.000  alu1/Madd_S_Madd_cy<19> (alu1/Madd_S_Madd_cy<19>)
     MUXCY:CI->O           1   0.023   0.000  alu1/Madd_S_Madd_cy<20> (alu1/Madd_S_Madd_cy<20>)
     MUXCY:CI->O           1   0.023   0.000  alu1/Madd_S_Madd_cy<21> (alu1/Madd_S_Madd_cy<21>)
     MUXCY:CI->O           1   0.023   0.000  alu1/Madd_S_Madd_cy<22> (alu1/Madd_S_Madd_cy<22>)
     MUXCY:CI->O           1   0.023   0.000  alu1/Madd_S_Madd_cy<23> (alu1/Madd_S_Madd_cy<23>)
     MUXCY:CI->O           1   0.023   0.000  alu1/Madd_S_Madd_cy<24> (alu1/Madd_S_Madd_cy<24>)
     MUXCY:CI->O           1   0.023   0.000  alu1/Madd_S_Madd_cy<25> (alu1/Madd_S_Madd_cy<25>)
     MUXCY:CI->O           1   0.023   0.000  alu1/Madd_S_Madd_cy<26> (alu1/Madd_S_Madd_cy<26>)
     MUXCY:CI->O           1   0.023   0.000  alu1/Madd_S_Madd_cy<27> (alu1/Madd_S_Madd_cy<27>)
     MUXCY:CI->O           1   0.023   0.000  alu1/Madd_S_Madd_cy<28> (alu1/Madd_S_Madd_cy<28>)
     MUXCY:CI->O           1   0.023   0.000  alu1/Madd_S_Madd_cy<29> (alu1/Madd_S_Madd_cy<29>)
     MUXCY:CI->O           0   0.023   0.000  alu1/Madd_S_Madd_cy<30> (alu1/Madd_S_Madd_cy<30>)
     XORCY:CI->O           4   0.370   0.309  alu1/Madd_S_Madd_xor<31> (alu1/S<31>)
     LUT6:I5->O           32   0.097   0.000  mux2/Mmux_output251 (sig2<31>)
     FDCE:D                    0.008          reg/f32/q_31
    ----------------------------------------
    Total                      4.264ns (2.449ns logic, 1.815ns route)
                                       (57.4% logic, 42.6% route)

=========================================================================
Timing constraint: Default OFFSET IN BEFORE for Clock 'clk'
  Total number of paths / destination ports: 1340101 / 3132
-------------------------------------------------------------------------
Offset:              4.178ns (Levels of Logic = 38)
  Source:            instr<17> (PAD)
  Destination:       reg/f32/q_31 (FF)
  Destination Clock: clk rising

  Data Path: instr<17> to reg/f32/q_31
                                Gate     Net
    Cell:in->out      fanout   Delay   Delay  Logical Name (Net Name)
    ----------------------------------------  ------------
     IBUF:I->O           258   0.001   0.835  instr_17_IBUF (instr_17_IBUF)
     LUT6:I0->O            1   0.097   0.556  reg/mux2/Mmux_output_81 (reg/mux2/Mmux_output_81)
     LUT6:I2->O            1   0.097   0.000  reg/mux2/Mmux_output_3 (reg/mux2/Mmux_output_3)
     MUXF7:I1->O           3   0.279   0.389  reg/mux2/Mmux_output_2_f7 (writedata_0_OBUF)
     LUT5:I3->O            1   0.097   0.000  alu1/Madd_S_Madd_lut<0> (alu1/Madd_S_Madd_lut<0>)
     MUXCY:S->O            1   0.353   0.000  alu1/Madd_S_Madd_cy<0> (alu1/Madd_S_Madd_cy<0>)
     MUXCY:CI->O           1   0.023   0.000  alu1/Madd_S_Madd_cy<1> (alu1/Madd_S_Madd_cy<1>)
     MUXCY:CI->O           1   0.023   0.000  alu1/Madd_S_Madd_cy<2> (alu1/Madd_S_Madd_cy<2>)
     MUXCY:CI->O           1   0.023   0.000  alu1/Madd_S_Madd_cy<3> (alu1/Madd_S_Madd_cy<3>)
     MUXCY:CI->O           1   0.023   0.000  alu1/Madd_S_Madd_cy<4> (alu1/Madd_S_Madd_cy<4>)
     MUXCY:CI->O           1   0.023   0.000  alu1/Madd_S_Madd_cy<5> (alu1/Madd_S_Madd_cy<5>)
     MUXCY:CI->O           1   0.023   0.000  alu1/Madd_S_Madd_cy<6> (alu1/Madd_S_Madd_cy<6>)
     MUXCY:CI->O           1   0.023   0.000  alu1/Madd_S_Madd_cy<7> (alu1/Madd_S_Madd_cy<7>)
     MUXCY:CI->O           1   0.023   0.000  alu1/Madd_S_Madd_cy<8> (alu1/Madd_S_Madd_cy<8>)
     MUXCY:CI->O           1   0.023   0.000  alu1/Madd_S_Madd_cy<9> (alu1/Madd_S_Madd_cy<9>)
     MUXCY:CI->O           1   0.023   0.000  alu1/Madd_S_Madd_cy<10> (alu1/Madd_S_Madd_cy<10>)
     MUXCY:CI->O           1   0.023   0.000  alu1/Madd_S_Madd_cy<11> (alu1/Madd_S_Madd_cy<11>)
     MUXCY:CI->O           1   0.023   0.000  alu1/Madd_S_Madd_cy<12> (alu1/Madd_S_Madd_cy<12>)
     MUXCY:CI->O           1   0.023   0.000  alu1/Madd_S_Madd_cy<13> (alu1/Madd_S_Madd_cy<13>)
     MUXCY:CI->O           1   0.023   0.000  alu1/Madd_S_Madd_cy<14> (alu1/Madd_S_Madd_cy<14>)
     MUXCY:CI->O           1   0.023   0.000  alu1/Madd_S_Madd_cy<15> (alu1/Madd_S_Madd_cy<15>)
     MUXCY:CI->O           1   0.023   0.000  alu1/Madd_S_Madd_cy<16> (alu1/Madd_S_Madd_cy<16>)
     MUXCY:CI->O           1   0.023   0.000  alu1/Madd_S_Madd_cy<17> (alu1/Madd_S_Madd_cy<17>)
     MUXCY:CI->O           1   0.023   0.000  alu1/Madd_S_Madd_cy<18> (alu1/Madd_S_Madd_cy<18>)
     MUXCY:CI->O           1   0.023   0.000  alu1/Madd_S_Madd_cy<19> (alu1/Madd_S_Madd_cy<19>)
     MUXCY:CI->O           1   0.023   0.000  alu1/Madd_S_Madd_cy<20> (alu1/Madd_S_Madd_cy<20>)
     MUXCY:CI->O           1   0.023   0.000  alu1/Madd_S_Madd_cy<21> (alu1/Madd_S_Madd_cy<21>)
     MUXCY:CI->O           1   0.023   0.000  alu1/Madd_S_Madd_cy<22> (alu1/Madd_S_Madd_cy<22>)
     MUXCY:CI->O           1   0.023   0.000  alu1/Madd_S_Madd_cy<23> (alu1/Madd_S_Madd_cy<23>)
     MUXCY:CI->O           1   0.023   0.000  alu1/Madd_S_Madd_cy<24> (alu1/Madd_S_Madd_cy<24>)
     MUXCY:CI->O           1   0.023   0.000  alu1/Madd_S_Madd_cy<25> (alu1/Madd_S_Madd_cy<25>)
     MUXCY:CI->O           1   0.023   0.000  alu1/Madd_S_Madd_cy<26> (alu1/Madd_S_Madd_cy<26>)
     MUXCY:CI->O           1   0.023   0.000  alu1/Madd_S_Madd_cy<27> (alu1/Madd_S_Madd_cy<27>)
     MUXCY:CI->O           1   0.023   0.000  alu1/Madd_S_Madd_cy<28> (alu1/Madd_S_Madd_cy<28>)
     MUXCY:CI->O           1   0.023   0.000  alu1/Madd_S_Madd_cy<29> (alu1/Madd_S_Madd_cy<29>)
     MUXCY:CI->O           0   0.023   0.000  alu1/Madd_S_Madd_cy<30> (alu1/Madd_S_Madd_cy<30>)
     XORCY:CI->O           4   0.370   0.309  alu1/Madd_S_Madd_xor<31> (alu1/S<31>)
     LUT6:I5->O           32   0.097   0.000  mux2/Mmux_output251 (sig2<31>)
     FDCE:D                    0.008          reg/f32/q_31
    ----------------------------------------
    Total                      4.178ns (2.089ns logic, 2.089ns route)
                                       (50.0% logic, 50.0% route)

=========================================================================
Timing constraint: Default OFFSET OUT AFTER for Clock 'clk'
  Total number of paths / destination ports: 112670 / 95
-------------------------------------------------------------------------
Offset:              6.415ns (Levels of Logic = 41)
  Source:            reg/f27/q_0 (FF)
  Destination:       zero (PAD)
  Source Clock:      clk rising

  Data Path: reg/f27/q_0 to zero
                                Gate     Net
    Cell:in->out      fanout   Delay   Delay  Logical Name (Net Name)
    ----------------------------------------  ------------
     FDCE:C->Q             2   0.361   0.561  reg/f27/q_0 (reg/f27/q_0)
     LUT6:I2->O            1   0.097   0.556  reg/mux2/Mmux_output_81 (reg/mux2/Mmux_output_81)
     LUT6:I2->O            1   0.097   0.000  reg/mux2/Mmux_output_3 (reg/mux2/Mmux_output_3)
     MUXF7:I1->O           3   0.279   0.389  reg/mux2/Mmux_output_2_f7 (writedata_0_OBUF)
     LUT5:I3->O            1   0.097   0.000  alu1/Madd_S_Madd_lut<0> (alu1/Madd_S_Madd_lut<0>)
     MUXCY:S->O            1   0.353   0.000  alu1/Madd_S_Madd_cy<0> (alu1/Madd_S_Madd_cy<0>)
     MUXCY:CI->O           1   0.023   0.000  alu1/Madd_S_Madd_cy<1> (alu1/Madd_S_Madd_cy<1>)
     MUXCY:CI->O           1   0.023   0.000  alu1/Madd_S_Madd_cy<2> (alu1/Madd_S_Madd_cy<2>)
     MUXCY:CI->O           1   0.023   0.000  alu1/Madd_S_Madd_cy<3> (alu1/Madd_S_Madd_cy<3>)
     MUXCY:CI->O           1   0.023   0.000  alu1/Madd_S_Madd_cy<4> (alu1/Madd_S_Madd_cy<4>)
     MUXCY:CI->O           1   0.023   0.000  alu1/Madd_S_Madd_cy<5> (alu1/Madd_S_Madd_cy<5>)
     MUXCY:CI->O           1   0.023   0.000  alu1/Madd_S_Madd_cy<6> (alu1/Madd_S_Madd_cy<6>)
     MUXCY:CI->O           1   0.023   0.000  alu1/Madd_S_Madd_cy<7> (alu1/Madd_S_Madd_cy<7>)
     MUXCY:CI->O           1   0.023   0.000  alu1/Madd_S_Madd_cy<8> (alu1/Madd_S_Madd_cy<8>)
     MUXCY:CI->O           1   0.023   0.000  alu1/Madd_S_Madd_cy<9> (alu1/Madd_S_Madd_cy<9>)
     MUXCY:CI->O           1   0.023   0.000  alu1/Madd_S_Madd_cy<10> (alu1/Madd_S_Madd_cy<10>)
     MUXCY:CI->O           1   0.023   0.000  alu1/Madd_S_Madd_cy<11> (alu1/Madd_S_Madd_cy<11>)
     MUXCY:CI->O           1   0.023   0.000  alu1/Madd_S_Madd_cy<12> (alu1/Madd_S_Madd_cy<12>)
     MUXCY:CI->O           1   0.023   0.000  alu1/Madd_S_Madd_cy<13> (alu1/Madd_S_Madd_cy<13>)
     MUXCY:CI->O           1   0.023   0.000  alu1/Madd_S_Madd_cy<14> (alu1/Madd_S_Madd_cy<14>)
     MUXCY:CI->O           1   0.023   0.000  alu1/Madd_S_Madd_cy<15> (alu1/Madd_S_Madd_cy<15>)
     MUXCY:CI->O           1   0.023   0.000  alu1/Madd_S_Madd_cy<16> (alu1/Madd_S_Madd_cy<16>)
     MUXCY:CI->O           1   0.023   0.000  alu1/Madd_S_Madd_cy<17> (alu1/Madd_S_Madd_cy<17>)
     MUXCY:CI->O           1   0.023   0.000  alu1/Madd_S_Madd_cy<18> (alu1/Madd_S_Madd_cy<18>)
     MUXCY:CI->O           1   0.023   0.000  alu1/Madd_S_Madd_cy<19> (alu1/Madd_S_Madd_cy<19>)
     MUXCY:CI->O           1   0.023   0.000  alu1/Madd_S_Madd_cy<20> (alu1/Madd_S_Madd_cy<20>)
     MUXCY:CI->O           1   0.023   0.000  alu1/Madd_S_Madd_cy<21> (alu1/Madd_S_Madd_cy<21>)
     MUXCY:CI->O           1   0.023   0.000  alu1/Madd_S_Madd_cy<22> (alu1/Madd_S_Madd_cy<22>)
     MUXCY:CI->O           1   0.023   0.000  alu1/Madd_S_Madd_cy<23> (alu1/Madd_S_Madd_cy<23>)
     MUXCY:CI->O           1   0.023   0.000  alu1/Madd_S_Madd_cy<24> (alu1/Madd_S_Madd_cy<24>)
     MUXCY:CI->O           1   0.023   0.000  alu1/Madd_S_Madd_cy<25> (alu1/Madd_S_Madd_cy<25>)
     MUXCY:CI->O           1   0.023   0.000  alu1/Madd_S_Madd_cy<26> (alu1/Madd_S_Madd_cy<26>)
     MUXCY:CI->O           1   0.023   0.000  alu1/Madd_S_Madd_cy<27> (alu1/Madd_S_Madd_cy<27>)
     MUXCY:CI->O           1   0.023   0.000  alu1/Madd_S_Madd_cy<28> (alu1/Madd_S_Madd_cy<28>)
     MUXCY:CI->O           1   0.023   0.000  alu1/Madd_S_Madd_cy<29> (alu1/Madd_S_Madd_cy<29>)
     MUXCY:CI->O           0   0.023   0.000  alu1/Madd_S_Madd_cy<30> (alu1/Madd_S_Madd_cy<30>)
     XORCY:CI->O           4   0.370   0.525  alu1/Madd_S_Madd_xor<31> (alu1/S<31>)
     LUT6:I3->O            1   0.097   0.379  alu1/Mmux_temp1212 (alu1/Mmux_temp122)
     LUT3:I1->O            2   0.097   0.299  alu1/Mmux_temp1213 (aluout_0_OBUF)
     LUT5:I4->O            1   0.097   0.693  alu1/zflag<31>2 (alu1/zflag<31>1)
     LUT6:I0->O            1   0.097   0.279  alu1/zflag<31>7 (zero_OBUF)
     OBUF:I->O                 0.000          zero_OBUF (zero)
    ----------------------------------------
    Total                      6.415ns (2.732ns logic, 3.683ns route)
                                       (42.6% logic, 57.4% route)

=========================================================================
Timing constraint: Default path analysis
  Total number of paths / destination ports: 78058 / 65
-------------------------------------------------------------------------
Delay:               6.329ns (Levels of Logic = 42)
  Source:            instr<17> (PAD)
  Destination:       zero (PAD)

  Data Path: instr<17> to zero
                                Gate     Net
    Cell:in->out      fanout   Delay   Delay  Logical Name (Net Name)
    ----------------------------------------  ------------
     IBUF:I->O           258   0.001   0.835  instr_17_IBUF (instr_17_IBUF)
     LUT6:I0->O            1   0.097   0.556  reg/mux2/Mmux_output_81 (reg/mux2/Mmux_output_81)
     LUT6:I2->O            1   0.097   0.000  reg/mux2/Mmux_output_3 (reg/mux2/Mmux_output_3)
     MUXF7:I1->O           3   0.279   0.389  reg/mux2/Mmux_output_2_f7 (writedata_0_OBUF)
     LUT5:I3->O            1   0.097   0.000  alu1/Madd_S_Madd_lut<0> (alu1/Madd_S_Madd_lut<0>)
     MUXCY:S->O            1   0.353   0.000  alu1/Madd_S_Madd_cy<0> (alu1/Madd_S_Madd_cy<0>)
     MUXCY:CI->O           1   0.023   0.000  alu1/Madd_S_Madd_cy<1> (alu1/Madd_S_Madd_cy<1>)
     MUXCY:CI->O           1   0.023   0.000  alu1/Madd_S_Madd_cy<2> (alu1/Madd_S_Madd_cy<2>)
     MUXCY:CI->O           1   0.023   0.000  alu1/Madd_S_Madd_cy<3> (alu1/Madd_S_Madd_cy<3>)
     MUXCY:CI->O           1   0.023   0.000  alu1/Madd_S_Madd_cy<4> (alu1/Madd_S_Madd_cy<4>)
     MUXCY:CI->O           1   0.023   0.000  alu1/Madd_S_Madd_cy<5> (alu1/Madd_S_Madd_cy<5>)
     MUXCY:CI->O           1   0.023   0.000  alu1/Madd_S_Madd_cy<6> (alu1/Madd_S_Madd_cy<6>)
     MUXCY:CI->O           1   0.023   0.000  alu1/Madd_S_Madd_cy<7> (alu1/Madd_S_Madd_cy<7>)
     MUXCY:CI->O           1   0.023   0.000  alu1/Madd_S_Madd_cy<8> (alu1/Madd_S_Madd_cy<8>)
     MUXCY:CI->O           1   0.023   0.000  alu1/Madd_S_Madd_cy<9> (alu1/Madd_S_Madd_cy<9>)
     MUXCY:CI->O           1   0.023   0.000  alu1/Madd_S_Madd_cy<10> (alu1/Madd_S_Madd_cy<10>)
     MUXCY:CI->O           1   0.023   0.000  alu1/Madd_S_Madd_cy<11> (alu1/Madd_S_Madd_cy<11>)
     MUXCY:CI->O           1   0.023   0.000  alu1/Madd_S_Madd_cy<12> (alu1/Madd_S_Madd_cy<12>)
     MUXCY:CI->O           1   0.023   0.000  alu1/Madd_S_Madd_cy<13> (alu1/Madd_S_Madd_cy<13>)
     MUXCY:CI->O           1   0.023   0.000  alu1/Madd_S_Madd_cy<14> (alu1/Madd_S_Madd_cy<14>)
     MUXCY:CI->O           1   0.023   0.000  alu1/Madd_S_Madd_cy<15> (alu1/Madd_S_Madd_cy<15>)
     MUXCY:CI->O           1   0.023   0.000  alu1/Madd_S_Madd_cy<16> (alu1/Madd_S_Madd_cy<16>)
     MUXCY:CI->O           1   0.023   0.000  alu1/Madd_S_Madd_cy<17> (alu1/Madd_S_Madd_cy<17>)
     MUXCY:CI->O           1   0.023   0.000  alu1/Madd_S_Madd_cy<18> (alu1/Madd_S_Madd_cy<18>)
     MUXCY:CI->O           1   0.023   0.000  alu1/Madd_S_Madd_cy<19> (alu1/Madd_S_Madd_cy<19>)
     MUXCY:CI->O           1   0.023   0.000  alu1/Madd_S_Madd_cy<20> (alu1/Madd_S_Madd_cy<20>)
     MUXCY:CI->O           1   0.023   0.000  alu1/Madd_S_Madd_cy<21> (alu1/Madd_S_Madd_cy<21>)
     MUXCY:CI->O           1   0.023   0.000  alu1/Madd_S_Madd_cy<22> (alu1/Madd_S_Madd_cy<22>)
     MUXCY:CI->O           1   0.023   0.000  alu1/Madd_S_Madd_cy<23> (alu1/Madd_S_Madd_cy<23>)
     MUXCY:CI->O           1   0.023   0.000  alu1/Madd_S_Madd_cy<24> (alu1/Madd_S_Madd_cy<24>)
     MUXCY:CI->O           1   0.023   0.000  alu1/Madd_S_Madd_cy<25> (alu1/Madd_S_Madd_cy<25>)
     MUXCY:CI->O           1   0.023   0.000  alu1/Madd_S_Madd_cy<26> (alu1/Madd_S_Madd_cy<26>)
     MUXCY:CI->O           1   0.023   0.000  alu1/Madd_S_Madd_cy<27> (alu1/Madd_S_Madd_cy<27>)
     MUXCY:CI->O           1   0.023   0.000  alu1/Madd_S_Madd_cy<28> (alu1/Madd_S_Madd_cy<28>)
     MUXCY:CI->O           1   0.023   0.000  alu1/Madd_S_Madd_cy<29> (alu1/Madd_S_Madd_cy<29>)
     MUXCY:CI->O           0   0.023   0.000  alu1/Madd_S_Madd_cy<30> (alu1/Madd_S_Madd_cy<30>)
     XORCY:CI->O           4   0.370   0.525  alu1/Madd_S_Madd_xor<31> (alu1/S<31>)
     LUT6:I3->O            1   0.097   0.379  alu1/Mmux_temp1212 (alu1/Mmux_temp122)
     LUT3:I1->O            2   0.097   0.299  alu1/Mmux_temp1213 (aluout_0_OBUF)
     LUT5:I4->O            1   0.097   0.693  alu1/zflag<31>2 (alu1/zflag<31>1)
     LUT6:I0->O            1   0.097   0.279  alu1/zflag<31>7 (zero_OBUF)
     OBUF:I->O                 0.000          zero_OBUF (zero)
    ----------------------------------------
    Total                      6.329ns (2.372ns logic, 3.957ns route)
                                       (37.5% logic, 62.5% route)

=========================================================================

Cross Clock Domains Report:
--------------------------

Clock to Setup on destination clock clk
---------------+---------+---------+---------+---------+
               | Src:Rise| Src:Fall| Src:Rise| Src:Fall|
Source Clock   |Dest:Rise|Dest:Rise|Dest:Fall|Dest:Fall|
---------------+---------+---------+---------+---------+
clk            |    4.264|         |         |         |
---------------+---------+---------+---------+---------+

=========================================================================


Total REAL time to Xst completion: 156.00 secs
Total CPU time to Xst completion: 156.17 secs
 
--> 

Total memory usage is 4679740 kilobytes

Number of errors   :    0 (   0 filtered)
Number of warnings :    4 (   0 filtered)
Number of infos    :    0 (   0 filtered)

